Runtime Error: [Line 3, Column 13] Variable 'x' is used before being initialized