Runtime Error: [Line 3, Column 0] Variable 'host' is used before being initialized