Runtime Error: [Line 1, Column 21] CIDR mask must be between 0 and 32, got 35