1
2
3
j = 5
j = 3
j = 1
j = -1
i = 2
i = 3
i = 4
i = 7
0
3
6