Runtime Error: [Line 1, Column 0] Step in repeat-range loop cannot be zero