Type Error: [Line 1, Column 0] Repeat-range 'from' and 'to' must be of type int (got: from=string, to=string)