Type Error: [Line 2, Column 10] Undefined variable 'j'