Type Error: [Line 2, Column 0] Type mismatch in assignment: expected 'string', got '[string]'