Type Error: [Line 2, Column 4] Return value not allowed in function returning 'void'