Type Error: [Line 7, Column 4] Function 'foo' expects 2 arguments, got 0