Type Error: [Line 1, Column 0] Condition in 'if' statement must be a value of type bool (got string instead)