Type Error: [Line 6, Column 0] Redeclaration of variable 'x' (first declared on line 1)