Type Error: [Line 3, Column 6] Undefined variable 'y'