Type Error: [Line 1, Column 0] Cannot use 'return' statement outside of a function