Type Error: Function 'missingReturn' declares return type 'int' but no return was found