if worked
else if worked
else worked
second else if