192.168.1.255
192.168.1.0
192.168.255.255
192.168.0.0
A0:BA:E6:E3:FD:E1