192.168.1.1/24
192.168.2.1/24
eth2
192.168.4.1/24
192.168.2.0/24