Runtime Error: [Line 1, Column 0] Host port 'eth1' must have an IP address