Type Error: [Line 5, Column 14] Undefined variable 'global'