Type Error: [Line 1, Column 6] Cannot cast from type 'int' to target type 'CopperEthernetPort'