Type Error: [Line 5, Column 0] Undefined function 'creasteHost'. Did you mean 'createHost'?