Runtime Error: [Line 1, Column 0] Gateway 192.168.1.1 is not in subnet 192.168.2.0/24