Runtime Error: [Line 1, Column 0] Gateway IP 192.168.1.1 cannot be the same as port IP 192.168.1.1