Runtime Error: [Line 7, Column 0] Gateway 192.168.2.0 is not in subnet 192.168.1.2/24