Runtime Error: [Line 10, Column 0] Switch port 'eth0' must not have an IP address