Type Error: [Line 3, Column 4] Field 'maska' not allowed in type 'CIDR'. Did you mean 'mask'?