192.168.1.1
192.168.1.255
192.168.2.0
10.0.1.0
0.0.0.1
255.255.255.254
192.168.1.0
1.2.3.255/24
1.2.4.0
1.3.0.0/24