Runtime Error: Result of 255.255.255.255 + 5 is out of valid IPv4 range (0.0.0.0 â€“ 255.255.255.255)