Type Error: [Line 4, Column 4] Type mismatch in field 'mac': expected 'MAC', got 'string'