Type Error: [Line 3, Column 4] Field 'name' is specified more than once in initializer of type 'Host'