Type Error: [Line 5, Column 0] Cannot declare variable 'printX' â€“ function with this name was already declared on line 1