Type Error: [Line 2, Column 4] 'break' can only be used inside a loop