Type Error: [Line 4, Column 4] 'continue' can only be used inside a loop