Type Error: [Line 3, Column 0] Variable 'x' is not callable