hello from outer
hello from inner
hello from inner