Type Error: [Line 3, Column 10] Undefined variable 'x'