Runtime Error: [Line 2, Column 4] Stack overflow â€” possible infinite recursion