Type Error: [Line 2, Column 4] Redeclaration of variable 'number' (first declared on line 1)